../Core/Src/main.c:120:5:_write	32	static
../Core/Src/main.c:138:5:main	8	static
../Core/Src/main.c:234:6:SystemClock_Config	88	static
../Core/Src/main.c:289:13:MX_I2C1_Init	8	static
../Core/Src/main.c:323:13:MX_TIM1_Init	56	static
../Core/Src/main.c:373:13:MX_USART2_UART_Init	8	static
../Core/Src/main.c:406:13:MX_GPIO_Init	48	static
../Core/Src/main.c:442:13:MotorModules_Init	8	static
../Core/Src/main.c:461:6:StartDefaultLogger	16	static
../Core/Src/main.c:479:6:StartLogDriverStatus	16	static
../Core/Src/main.c:497:6:StartReadEncoders	16	static
../Core/Src/main.c:515:6:StartDriveMotors	48	static
../Core/Src/main.c:537:6:HAL_TIM_PeriodElapsedCallback	16	static
../Core/Src/main.c:553:6:Error_Handler	4	static,ignoring_inline_asm
